// Jest Snapshot v1, https://goo.gl/fbAQLP

exports[`scrapeSelection should return the content of multiple targeted elements: paragraphs 1`] = `
Array [
  "
				This domain is established to be used for illustrative examples in
				documents. You may use this domain in examples without prior
				coordination or asking for permission.
			",
  "
				More information...
			",
]
`;
